diff --git a/Sources/TestRename.cpp b/Sources/TestRename.cpp
index d1c1283..a756ebe 100644
--- a/Sources/TestRename.cpp
+++ b/Sources/TestRename.cpp
@@ -31,22 +31,22 @@ public:
 };
 
 // #TEST#: R5 Rename this class, but class in Rename2.cpp shouldn't be renamed
-class Rename1
+class Goink
 {
 public:
     // #TEST#: R6 =R5 Rename this class via its c'tor
-    Rename1() : x()
+    Goink() : x()
     {
     }
 
     // #TEST#: R7 =R5 Rename this class via its d'tor
-    ~Rename1()
+    ~Goink()
     {
     }
 
     // #TEST#: R8 =R5 Rename this class via typedef
     // #TEST#: R9 Rename typedef MyClass
-    typedef Rename1 MyClass;
+    typedef Goink MyClass;
 
     // #TEST#: R10 Rename this method
     void Operation()
