diff --git a/Sources/TestRename.cpp b/Sources/TestRename.cpp
index d1c1283..3e43246 100644
--- a/Sources/TestRename.cpp
+++ b/Sources/TestRename.cpp
@@ -15,7 +15,7 @@
 // #TEST#: R4 Rename the macro argument x_ from declaration
 // #TEST#: R5 =R4 Rename the macro argument x_ from usage
 // #TEST#: R6 Rename this macro
-#define MACRO_ONE_ARG(x_) (2.0f * x_)
+#define MACRO_ONE_ARG(goink_) (2.0f * goink_)
 
 class Operations
 {
