diff --git a/Sources/TestRename.cpp b/Sources/TestRename.cpp
index d1c1283..8628cb4 100644
--- a/Sources/TestRename.cpp
+++ b/Sources/TestRename.cpp
@@ -15,7 +15,7 @@
 // #TEST#: R4 Rename the macro argument x_ from declaration
 // #TEST#: R5 =R4 Rename the macro argument x_ from usage
 // #TEST#: R6 Rename this macro
-#define MACRO_ONE_ARG(x_) (2.0f * x_)
+#define GOINK(x_) (2.0f * x_)
 
 class Operations
 {
